..t.......
..B.c....c
..........
..c.......
..........
.......C.t
lr.......B
....lMmr..
..........
Lmr.LmR...
