.......t..
c..T.c.b..
...b.....c
..........
..t...Lmr.
..b...W...
........t.
LMmr.C..m.
........B.
..........
