.T.T...C.t
.b.m.....m
...b.....M
c....t...B
..c..b.T..
.......M..
.......b..
.....c....
..lr......
..........
