.....lR...
T.......lr
m.........
m....c.c..
b.......Wc
.....lmR..
.lr.......
.........t
.........M
......c..b
