..........
..lmr.t...
......m.lr
C.....B...
.W.lr....C
......T...
c.....m...
......m...
...c..B...
lr........
