..lr......
.........t
...lr..T.M
.c.....B.B
..........
.LmmR.....
......WLmr
..........
.c...C....
.........c
