...LmR.C..
..........
......t.c.
.lr...m...
......M...
C.....b...
..lr....c.
..........
......lr..
..lmr.....
