...c.....c
lr....t...
......b...
c.......C.
...t......
...m......
...b.LmmR.
..........
........t.
...LMr..b.
