.c.....t..
.......m..
t....t.b..
b.lR.M....
.....B...c
..........
....LmMr.c
..........
LR...c....
..........
