..........
.lmMR.....
..........
.lr.T.....
....M..lmr
W...b.....
.........c
...lr.....
LR........
.....c.c.c
