......T...
t...T.m...
b...m.B.C.
....m.....
lr..B.....
.......c..
..lr.....T
c........m
.....C...b
..........
