c.........
..t..Lr...
..M.....t.
..B.t...M.
....b.t.b.
..W...b...
..........
c.c.......
......lmmr
...c......
