c..c...lr.
..........
....c.....
..........
....T.....
.c..m.t...
....M.b...
t.t.b.....
b.m....lmr
..b.......
