.c.lmr.t..
.......b..
.....c....
..c.......
.....t...t
.....b...m
.t.......b
.B...c....
..........
....lMmr..
