...c.c....
..........
..t.lR....
c.m.......
..b.lr....
W......lmr
....t.....
....b.....
.c........
.....lmmr.
