t....c.Lmr
b..t......
...b...t..
.......m..
.......m..
....c..b..
..........
.c.lmr...C
..........
lr........
