c...lr..c.
..C.......
....t.....
lr..m.....
....b..t.c
.......m..
.......b..
..........
.t....lmmr
.b........
