...t.lr...
.C.m......
...b......
.....c.lr.
...t......
...m..lmmr
.c.B......
..........
.....c....
.lr.......
