t.........
b.c.Lmr..c
..........
.......t..
...t...m..
...b.t.m..
.....m.b..
t....b...c
b.........
..C.......
