lr....c..c
..........
..........
lmmr......
......t.t.
.lr.c.m.b.
......b...
.lmR......
..........
......c...
