..t.......
..m.......
t.m....t..
m.b..c.b..
b.........
..t....c..
..m.......
..b.....lR
t...c.C...
b.........
