.lr..t..t.
.....M..m.
.lr..m..B.
.....b....
.c........
.......c..
.c.lmr....
..........
........c.
.lr.......
