..........
.t.lR...t.
.b......m.
....c...b.
lr........
.......lmr
..........
C.lmmr....
..........
c...c.....
