.c......c.
....lmr...
..........
..lr...lr.
..........
...t......
...m......
...b...c..
..........
lmmr.Lr.c.
