...lr...c.
t.........
b.t.lmr...
..m.......
c.m.c.....
..b.......
..........
t.........
b.......c.
...lmr....
