...lmmr...
lr.......c
...t..lr..
...m......
...b...t..
c......m..
.......b..
..c......c
.......t..
.......b..
