.LmR.t....
.....b....
c........t
.........M
...c..c..m
.........b
.c...lmr..
...t......
...b......
.......lr.
