.....t....
.lmr.b..c.
..........
LmR.......
..........
t.......C.
m.........
m..lr.....
b......lr.
..C.c.....
