....lr...T
c........m
....t..C.m
.c..b....b
..........
.........t
..T......m
..b.C....b
..........
.lmR......
