....t....t
....m....b
lmr.m.....
....b.Lr..
.........c
..........
....c.t.t.
......b.m.
........b.
..c..C....
