t.........
m..lr.....
b........c
..........
..lmr.....
......t...
...t..B...
lr.M......
...m.c...c
.c.b......
