.t.......t
.b..lmmr.b
..........
.........t
..T..c...m
..m......b
..B...t...
......b.c.
....c.....
.......c..
