..Lr....t.
........m.
lmmr....b.
..........
.c........
...c....lr
.....c....
........t.
.lr.c...M.
........b.
