.lmmr..lr.
..........
c....C.c.t
.........b
...Lr.....
..........
.......t..
..t....M..
..m..c.b..
..b.......
