..........
lmr...lr..
..........
........t.
...c.c..B.
c.........
....c...lr
W.t.......
..m..LmmR.
..B.......
