.....lmMr.
...c......
..........
......c...
...t....lr
c..m.Lr...
...b......
......t...
.lmr..b..c
..........
