......lr..
..........
.....lr...
lR......t.
......c.m.
....t...b.
....m.....
.c..m..lMr
....b.....
..c.....c.
