.....c....
..lr......
t.....c...
m.lr......
b....lR...
..........
...c.lMmr.
..........
..........
...c...lmr
