..........
.....lmr..
c..t......
...B..T...
......m...
lMr.C.m.t.
......b.b.
C.........
...lr...c.
..........
