.lmr....C.
..........
.C..c...t.
........b.
..Lmmr....
..........
....lr....
........t.
....lmr.b.
..c.......
