.....t....
.....m...t
.Lr..m...m
.....b...b
.......c..
t.........
B..C..c...
..........
..c.......
....lr.lmr
