lMr.c....t
.........m
c........m
.......t.B
..t....b..
c.b.......
....lr..c.
..........
...lmr....
..........
