.....LmR..
..........
.....lR...
...T.....t
...b.....m
.....c...m
.........b
lmr..Lr...
.........c
..c....c..
