.........t
....lMMr.b
Lmr.......
..........
..........
....Lmr.lr
..........
.t...c.c..
.b........
.....c...c
