t......Lr.
b.c.......
....lR....
..........
...t......
.t.M...c..
.m.m......
.b.B......
.......lmr
..c..c....
