..........
......lmmR
..........
..c..Lr...
......W...
Lmr....lr.
..........
...c.c....
..........
..lr.lmr.c
