.T...c....
.m....W...
.m..c....c
.b....lr..
..........
lmr...t...
......b.c.
lr........
.......lmr
..........
