.......lr.
..........
..t.c.....
..m.......
..b.c.....
t......c..
m........t
m...t.T..B
b.c.b.M...
......b...
