c.....C...
..lmr.....
t.....c...
b.........
...c...lmr
..........
Lmmr.t....
.....b....
..........
........lr
