..t..c....
..b.......
.........c
..LMMr....
.........c
..........
.Lr.t.....
....m.t...
....b.m.lr
..c...b...
